../Core/Src/main.c:93:5:main	8	static
../Core/Src/main.c:283:6:SystemClock_Config	88	static
../Core/Src/main.c:330:13:MX_ADC1_Init	24	static
../Core/Src/main.c:418:13:MX_ADC2_Init	24	static
../Core/Src/main.c:470:13:MX_TIM2_Init	48	static
../Core/Src/main.c:536:13:MX_TIM3_Init	56	static
../Core/Src/main.c:585:13:MX_TIM4_Init	32	static
../Core/Src/main.c:630:13:MX_TIM8_Init	96	static
../Core/Src/main.c:717:13:MX_TIM10_Init	40	static
../Core/Src/main.c:763:13:MX_USART3_UART_Init	8	static
../Core/Src/main.c:794:13:MX_DMA_Init	16	static
../Core/Src/main.c:812:13:MX_GPIO_Init	56	static
../Core/Src/main.c:929:6:HAL_TIM_PeriodElapsedCallback	16	static
../Core/Src/main.c:975:6:Error_Handler	4	static,ignoring_inline_asm
